::ffff:10.137.1.200 - - [23/Jun/2022:20:19:44 +0000] "POST /api/auth HTTP/1.1" 200 1233 "http://localhost:8100/" "Mozilla/5.0 (Windows NT 10.0; Win64; x64) AppleWebKit/537.36 (KHTML, like Gecko) Chrome/102.0.5005.124 Safari/537.36 Edg/102.0.1245.44"
::ffff:10.137.1.200 - - [23/Jun/2022:20:19:47 +0000] "POST /api/auth HTTP/1.1" 200 1233 "http://localhost:8100/" "Mozilla/5.0 (Windows NT 10.0; Win64; x64) AppleWebKit/537.36 (KHTML, like Gecko) Chrome/102.0.5005.124 Safari/537.36 Edg/102.0.1245.44"
::ffff:10.137.1.200 - - [23/Jun/2022:20:20:42 +0000] "POST /api/auth HTTP/1.1" 200 1233 "http://localhost:8100/" "Mozilla/5.0 (Windows NT 10.0; Win64; x64) AppleWebKit/537.36 (KHTML, like Gecko) Chrome/102.0.5005.124 Safari/537.36 Edg/102.0.1245.44"
::ffff:10.137.1.200 - - [23/Jun/2022:20:20:53 +0000] "POST /api/auth HTTP/1.1" 200 1233 "http://localhost:8100/" "Mozilla/5.0 (Windows NT 10.0; Win64; x64) AppleWebKit/537.36 (KHTML, like Gecko) Chrome/102.0.5005.124 Safari/537.36 Edg/102.0.1245.44"
::ffff:10.137.1.200 - - [23/Jun/2022:20:21:01 +0000] "POST /api/auth HTTP/1.1" 200 1233 "http://localhost:8100/" "Mozilla/5.0 (Windows NT 10.0; Win64; x64) AppleWebKit/537.36 (KHTML, like Gecko) Chrome/102.0.5005.124 Safari/537.36 Edg/102.0.1245.44"
::ffff:10.137.1.200 - - [23/Jun/2022:20:21:24 +0000] "POST /api/auth HTTP/1.1" 200 1233 "http://localhost:8100/" "Mozilla/5.0 (Windows NT 10.0; Win64; x64) AppleWebKit/537.36 (KHTML, like Gecko) Chrome/102.0.5005.124 Safari/537.36 Edg/102.0.1245.44"
::ffff:10.137.1.200 - - [23/Jun/2022:20:21:40 +0000] "POST /api/auth HTTP/1.1" 200 1233 "http://localhost:8100/" "Mozilla/5.0 (Windows NT 10.0; Win64; x64) AppleWebKit/537.36 (KHTML, like Gecko) Chrome/102.0.5005.124 Safari/537.36 Edg/102.0.1245.44"
::1 - - [23/Jun/2022:20:43:22 +0000] "GET /api/line HTTP/1.1" 200 7182 "-" "PostmanRuntime/7.29.0"
::ffff:10.137.1.200 - - [23/Jun/2022:20:46:58 +0000] "GET /api/line HTTP/1.1" 200 7182 "http://localhost:8100/" "Mozilla/5.0 (Windows NT 10.0; Win64; x64) AppleWebKit/537.36 (KHTML, like Gecko) Chrome/102.0.5005.124 Safari/537.36 Edg/102.0.1245.44"
::ffff:10.137.1.200 - - [23/Jun/2022:20:47:21 +0000] "GET /api/line HTTP/1.1" 304 - "http://localhost:8100/" "Mozilla/5.0 (Windows NT 10.0; Win64; x64) AppleWebKit/537.36 (KHTML, like Gecko) Chrome/102.0.5005.124 Safari/537.36 Edg/102.0.1245.44"
::ffff:10.137.1.200 - - [23/Jun/2022:20:55:46 +0000] "GET /api/line HTTP/1.1" 304 - "http://localhost:8100/" "Mozilla/5.0 (Windows NT 10.0; Win64; x64) AppleWebKit/537.36 (KHTML, like Gecko) Chrome/102.0.5005.124 Safari/537.36 Edg/102.0.1245.44"
::ffff:10.137.1.200 - - [23/Jun/2022:20:56:49 +0000] "GET /api/line HTTP/1.1" 304 - "http://localhost:8100/" "Mozilla/5.0 (Windows NT 10.0; Win64; x64) AppleWebKit/537.36 (KHTML, like Gecko) Chrome/102.0.5005.124 Safari/537.36 Edg/102.0.1245.44"
::ffff:10.137.1.200 - - [23/Jun/2022:20:56:56 +0000] "GET /api/line HTTP/1.1" 304 - "http://localhost:8100/" "Mozilla/5.0 (Windows NT 10.0; Win64; x64) AppleWebKit/537.36 (KHTML, like Gecko) Chrome/102.0.5005.124 Safari/537.36 Edg/102.0.1245.44"
::ffff:10.137.1.200 - - [23/Jun/2022:20:56:57 +0000] "GET /api/line HTTP/1.1" 304 - "http://localhost:8100/" "Mozilla/5.0 (Windows NT 10.0; Win64; x64) AppleWebKit/537.36 (KHTML, like Gecko) Chrome/102.0.5005.124 Safari/537.36 Edg/102.0.1245.44"
::ffff:10.137.1.200 - - [23/Jun/2022:20:57:14 +0000] "GET /api/line HTTP/1.1" 304 - "http://localhost:8100/" "Mozilla/5.0 (Windows NT 10.0; Win64; x64) AppleWebKit/537.36 (KHTML, like Gecko) Chrome/102.0.5005.124 Safari/537.36 Edg/102.0.1245.44"
::ffff:10.137.1.200 - - [23/Jun/2022:20:57:34 +0000] "GET /api/line HTTP/1.1" 304 - "http://localhost:8100/" "Mozilla/5.0 (Windows NT 10.0; Win64; x64) AppleWebKit/537.36 (KHTML, like Gecko) Chrome/102.0.5005.124 Safari/537.36 Edg/102.0.1245.44"
::ffff:10.137.1.200 - - [23/Jun/2022:20:57:53 +0000] "GET /api/line HTTP/1.1" 304 - "http://localhost:8100/" "Mozilla/5.0 (Windows NT 10.0; Win64; x64) AppleWebKit/537.36 (KHTML, like Gecko) Chrome/102.0.5005.124 Safari/537.36 Edg/102.0.1245.44"
::ffff:10.137.1.200 - - [23/Jun/2022:20:59:02 +0000] "GET /api/line HTTP/1.1" 304 - "http://localhost:8100/" "Mozilla/5.0 (Windows NT 10.0; Win64; x64) AppleWebKit/537.36 (KHTML, like Gecko) Chrome/102.0.5005.124 Safari/537.36 Edg/102.0.1245.44"
::ffff:10.137.1.200 - - [23/Jun/2022:21:02:03 +0000] "GET /api/line HTTP/1.1" 304 - "http://localhost:8100/" "Mozilla/5.0 (Windows NT 10.0; Win64; x64) AppleWebKit/537.36 (KHTML, like Gecko) Chrome/102.0.5005.124 Safari/537.36 Edg/102.0.1245.44"
::ffff:10.137.1.200 - - [23/Jun/2022:21:02:35 +0000] "GET /api/line HTTP/1.1" 304 - "http://localhost:8100/" "Mozilla/5.0 (Windows NT 10.0; Win64; x64) AppleWebKit/537.36 (KHTML, like Gecko) Chrome/102.0.5005.124 Safari/537.36 Edg/102.0.1245.44"
::ffff:10.137.1.200 - - [23/Jun/2022:21:03:53 +0000] "GET /api/line HTTP/1.1" 304 - "http://localhost:8100/" "Mozilla/5.0 (Windows NT 10.0; Win64; x64) AppleWebKit/537.36 (KHTML, like Gecko) Chrome/102.0.5005.124 Safari/537.36 Edg/102.0.1245.44"
::ffff:10.137.1.200 - - [23/Jun/2022:21:03:57 +0000] "GET /api/line HTTP/1.1" 304 - "http://localhost:8100/" "Mozilla/5.0 (Windows NT 10.0; Win64; x64) AppleWebKit/537.36 (KHTML, like Gecko) Chrome/102.0.5005.124 Safari/537.36 Edg/102.0.1245.44"
::ffff:10.137.1.200 - - [23/Jun/2022:21:04:04 +0000] "GET /api/line HTTP/1.1" 304 - "http://localhost:8100/" "Mozilla/5.0 (Windows NT 10.0; Win64; x64) AppleWebKit/537.36 (KHTML, like Gecko) Chrome/102.0.5005.124 Safari/537.36 Edg/102.0.1245.44"
::ffff:10.137.1.200 - - [23/Jun/2022:21:05:56 +0000] "GET /api/line HTTP/1.1" 304 - "http://localhost:8100/" "Mozilla/5.0 (Windows NT 10.0; Win64; x64) AppleWebKit/537.36 (KHTML, like Gecko) Chrome/102.0.5005.124 Safari/537.36 Edg/102.0.1245.44"
::ffff:10.137.1.200 - - [23/Jun/2022:21:05:57 +0000] "GET /api/line HTTP/1.1" 304 - "http://localhost:8100/" "Mozilla/5.0 (Windows NT 10.0; Win64; x64) AppleWebKit/537.36 (KHTML, like Gecko) Chrome/102.0.5005.124 Safari/537.36 Edg/102.0.1245.44"
::ffff:10.137.1.200 - - [23/Jun/2022:21:05:59 +0000] "GET /api/line HTTP/1.1" 304 - "http://localhost:8100/" "Mozilla/5.0 (Windows NT 10.0; Win64; x64) AppleWebKit/537.36 (KHTML, like Gecko) Chrome/102.0.5005.124 Safari/537.36 Edg/102.0.1245.44"
::ffff:10.137.1.200 - - [23/Jun/2022:21:06:01 +0000] "GET /api/line HTTP/1.1" 304 - "http://localhost:8100/" "Mozilla/5.0 (Windows NT 10.0; Win64; x64) AppleWebKit/537.36 (KHTML, like Gecko) Chrome/102.0.5005.124 Safari/537.36 Edg/102.0.1245.44"
::ffff:10.137.1.200 - - [23/Jun/2022:21:06:04 +0000] "GET /api/line HTTP/1.1" 304 - "http://localhost:8100/" "Mozilla/5.0 (Windows NT 10.0; Win64; x64) AppleWebKit/537.36 (KHTML, like Gecko) Chrome/102.0.5005.124 Safari/537.36 Edg/102.0.1245.44"
::ffff:10.137.1.200 - - [23/Jun/2022:21:06:12 +0000] "GET /api/line HTTP/1.1" 304 - "http://localhost:8100/" "Mozilla/5.0 (Windows NT 10.0; Win64; x64) AppleWebKit/537.36 (KHTML, like Gecko) Chrome/102.0.5005.124 Safari/537.36 Edg/102.0.1245.44"
::ffff:10.137.1.200 - - [23/Jun/2022:21:06:15 +0000] "GET /api/line HTTP/1.1" 304 - "http://localhost:8100/" "Mozilla/5.0 (Windows NT 10.0; Win64; x64) AppleWebKit/537.36 (KHTML, like Gecko) Chrome/102.0.5005.124 Safari/537.36 Edg/102.0.1245.44"
::ffff:10.137.1.200 - - [23/Jun/2022:21:07:30 +0000] "GET /api/line HTTP/1.1" 304 - "http://localhost:8100/" "Mozilla/5.0 (Windows NT 10.0; Win64; x64) AppleWebKit/537.36 (KHTML, like Gecko) Chrome/102.0.5005.124 Safari/537.36 Edg/102.0.1245.44"
::ffff:10.137.1.200 - - [23/Jun/2022:21:07:33 +0000] "GET /api/line HTTP/1.1" 304 - "http://localhost:8100/" "Mozilla/5.0 (Windows NT 10.0; Win64; x64) AppleWebKit/537.36 (KHTML, like Gecko) Chrome/102.0.5005.124 Safari/537.36 Edg/102.0.1245.44"
::ffff:10.137.1.200 - - [23/Jun/2022:21:10:14 +0000] "GET /api/line HTTP/1.1" 304 - "http://localhost:8100/" "Mozilla/5.0 (Windows NT 10.0; Win64; x64) AppleWebKit/537.36 (KHTML, like Gecko) Chrome/102.0.5005.124 Safari/537.36 Edg/102.0.1245.44"
::ffff:10.137.1.200 - - [23/Jun/2022:21:10:38 +0000] "POST /api/checker HTTP/1.1" 200 66 "http://localhost:8100/" "Mozilla/5.0 (Windows NT 10.0; Win64; x64) AppleWebKit/537.36 (KHTML, like Gecko) Chrome/102.0.5005.124 Safari/537.36 Edg/102.0.1245.44"
::ffff:10.137.1.200 - - [23/Jun/2022:21:10:48 +0000] "POST /api/checker HTTP/1.1" 403 58 "http://localhost:8100/" "Mozilla/5.0 (Windows NT 10.0; Win64; x64) AppleWebKit/537.36 (KHTML, like Gecko) Chrome/102.0.5005.124 Safari/537.36 Edg/102.0.1245.44"
::ffff:10.137.1.200 - - [23/Jun/2022:21:10:54 +0000] "POST /api/checker HTTP/1.1" 200 66 "http://localhost:8100/" "Mozilla/5.0 (Windows NT 10.0; Win64; x64) AppleWebKit/537.36 (KHTML, like Gecko) Chrome/102.0.5005.124 Safari/537.36 Edg/102.0.1245.44"
::ffff:10.137.1.200 - - [23/Jun/2022:21:11:05 +0000] "POST /api/checker HTTP/1.1" 403 58 "http://localhost:8100/" "Mozilla/5.0 (Windows NT 10.0; Win64; x64) AppleWebKit/537.36 (KHTML, like Gecko) Chrome/102.0.5005.124 Safari/537.36 Edg/102.0.1245.44"
::ffff:10.137.1.200 - - [23/Jun/2022:21:11:11 +0000] "POST /api/checker HTTP/1.1" 200 66 "http://localhost:8100/" "Mozilla/5.0 (Windows NT 10.0; Win64; x64) AppleWebKit/537.36 (KHTML, like Gecko) Chrome/102.0.5005.124 Safari/537.36 Edg/102.0.1245.44"
::ffff:10.137.1.200 - - [23/Jun/2022:21:11:19 +0000] "POST /api/checker HTTP/1.1" 200 66 "http://localhost:8100/" "Mozilla/5.0 (Windows NT 10.0; Win64; x64) AppleWebKit/537.36 (KHTML, like Gecko) Chrome/102.0.5005.124 Safari/537.36 Edg/102.0.1245.44"
::ffff:10.137.1.200 - - [23/Jun/2022:21:11:29 +0000] "POST /api/checker HTTP/1.1" 200 66 "http://localhost:8100/" "Mozilla/5.0 (Windows NT 10.0; Win64; x64) AppleWebKit/537.36 (KHTML, like Gecko) Chrome/102.0.5005.124 Safari/537.36 Edg/102.0.1245.44"
::ffff:10.137.1.200 - - [23/Jun/2022:21:12:17 +0000] "POST /api/checker HTTP/1.1" 200 66 "http://localhost:8100/" "Mozilla/5.0 (Windows NT 10.0; Win64; x64) AppleWebKit/537.36 (KHTML, like Gecko) Chrome/102.0.5005.124 Safari/537.36 Edg/102.0.1245.44"
::ffff:10.137.1.200 - - [23/Jun/2022:21:13:45 +0000] "GET /api/line HTTP/1.1" 304 - "http://localhost:8100/" "Mozilla/5.0 (Windows NT 10.0; Win64; x64) AppleWebKit/537.36 (KHTML, like Gecko) Chrome/102.0.5005.124 Safari/537.36 Edg/102.0.1245.44"
::ffff:10.137.1.200 - - [23/Jun/2022:21:13:59 +0000] "POST /api/checker HTTP/1.1" 200 66 "http://localhost:8100/" "Mozilla/5.0 (Windows NT 10.0; Win64; x64) AppleWebKit/537.36 (KHTML, like Gecko) Chrome/102.0.5005.124 Safari/537.36 Edg/102.0.1245.44"
::1 - - [23/Jun/2022:21:19:32 +0000] "GET /api/checker HTTP/1.1" 200 2655 "-" "PostmanRuntime/7.29.0"
::ffff:10.137.1.200 - - [23/Jun/2022:21:26:52 +0000] "GET /api/checker HTTP/1.1" 200 2655 "http://localhost:8100/" "Mozilla/5.0 (Windows NT 10.0; Win64; x64) AppleWebKit/537.36 (KHTML, like Gecko) Chrome/102.0.5005.124 Safari/537.36 Edg/102.0.1245.44"
::ffff:10.137.1.200 - - [23/Jun/2022:21:28:14 +0000] "GET /api/checker HTTP/1.1" 200 2 "http://localhost:8100/" "Mozilla/5.0 (Windows NT 10.0; Win64; x64) AppleWebKit/537.36 (KHTML, like Gecko) Chrome/102.0.5005.124 Safari/537.36 Edg/102.0.1245.44"
::ffff:10.137.1.200 - - [23/Jun/2022:21:28:19 +0000] "GET /api/line HTTP/1.1" 200 7182 "http://localhost:8100/" "Mozilla/5.0 (Windows NT 10.0; Win64; x64) AppleWebKit/537.36 (KHTML, like Gecko) Chrome/102.0.5005.124 Safari/537.36 Edg/102.0.1245.44"
::ffff:10.137.1.200 - - [23/Jun/2022:21:29:17 +0000] "POST /api/checker HTTP/1.1" 200 66 "http://localhost:8100/" "Mozilla/5.0 (Windows NT 10.0; Win64; x64) AppleWebKit/537.36 (KHTML, like Gecko) Chrome/102.0.5005.124 Safari/537.36 Edg/102.0.1245.44"
::ffff:10.137.1.200 - - [23/Jun/2022:21:29:17 +0000] "GET /api/checker HTTP/1.1" 200 389 "http://localhost:8100/" "Mozilla/5.0 (Windows NT 10.0; Win64; x64) AppleWebKit/537.36 (KHTML, like Gecko) Chrome/102.0.5005.124 Safari/537.36 Edg/102.0.1245.44"
::ffff:10.137.1.200 - - [23/Jun/2022:21:29:18 +0000] "GET /api/checker HTTP/1.1" 304 - "http://localhost:8100/" "Mozilla/5.0 (Windows NT 10.0; Win64; x64) AppleWebKit/537.36 (KHTML, like Gecko) Chrome/102.0.5005.124 Safari/537.36 Edg/102.0.1245.44"
::ffff:10.137.1.200 - - [23/Jun/2022:21:33:42 +0000] "GET /api/line HTTP/1.1" 304 - "http://localhost:8100/" "Mozilla/5.0 (Windows NT 10.0; Win64; x64) AppleWebKit/537.36 (KHTML, like Gecko) Chrome/102.0.5005.124 Safari/537.36 Edg/102.0.1245.44"
::ffff:10.137.1.200 - - [23/Jun/2022:21:33:58 +0000] "POST /api/checker HTTP/1.1" 200 66 "http://localhost:8100/" "Mozilla/5.0 (Windows NT 10.0; Win64; x64) AppleWebKit/537.36 (KHTML, like Gecko) Chrome/102.0.5005.124 Safari/537.36 Edg/102.0.1245.44"
::ffff:10.137.1.200 - - [23/Jun/2022:21:33:59 +0000] "GET /api/checker HTTP/1.1" 200 777 "http://localhost:8100/" "Mozilla/5.0 (Windows NT 10.0; Win64; x64) AppleWebKit/537.36 (KHTML, like Gecko) Chrome/102.0.5005.124 Safari/537.36 Edg/102.0.1245.44"
::ffff:10.137.1.200 - - [23/Jun/2022:21:33:59 +0000] "GET /api/checker HTTP/1.1" 304 - "http://localhost:8100/" "Mozilla/5.0 (Windows NT 10.0; Win64; x64) AppleWebKit/537.36 (KHTML, like Gecko) Chrome/102.0.5005.124 Safari/537.36 Edg/102.0.1245.44"
::ffff:10.137.1.200 - - [23/Jun/2022:21:35:10 +0000] "POST /api/auth HTTP/1.1" 200 1233 "http://localhost:8100/" "Mozilla/5.0 (Windows NT 10.0; Win64; x64) AppleWebKit/537.36 (KHTML, like Gecko) Chrome/102.0.5005.124 Safari/537.36 Edg/102.0.1245.44"
::ffff:10.137.1.200 - - [23/Jun/2022:21:35:12 +0000] "GET /api/checker HTTP/1.1" 304 - "http://localhost:8100/" "Mozilla/5.0 (Windows NT 10.0; Win64; x64) AppleWebKit/537.36 (KHTML, like Gecko) Chrome/102.0.5005.124 Safari/537.36 Edg/102.0.1245.44"
::ffff:10.137.1.200 - - [23/Jun/2022:21:36:24 +0000] "GET /api/line HTTP/1.1" 304 - "http://localhost:8100/" "Mozilla/5.0 (Windows NT 10.0; Win64; x64) AppleWebKit/537.36 (KHTML, like Gecko) Chrome/102.0.5005.124 Safari/537.36 Edg/102.0.1245.44"
::ffff:10.137.1.200 - - [23/Jun/2022:21:36:25 +0000] "GET /api/checker HTTP/1.1" 304 - "http://localhost:8100/" "Mozilla/5.0 (Windows NT 10.0; Win64; x64) AppleWebKit/537.36 (KHTML, like Gecko) Chrome/102.0.5005.124 Safari/537.36 Edg/102.0.1245.44"
::ffff:10.137.1.200 - - [23/Jun/2022:21:50:43 +0000] "GET /api/checker HTTP/1.1" 200 2 "http://localhost:8100/" "Mozilla/5.0 (Windows NT 10.0; Win64; x64) AppleWebKit/537.36 (KHTML, like Gecko) Chrome/102.0.5005.124 Safari/537.36 Edg/102.0.1245.44"
::ffff:10.137.1.200 - - [23/Jun/2022:21:50:45 +0000] "GET /api/line HTTP/1.1" 200 7182 "http://localhost:8100/" "Mozilla/5.0 (Windows NT 10.0; Win64; x64) AppleWebKit/537.36 (KHTML, like Gecko) Chrome/102.0.5005.124 Safari/537.36 Edg/102.0.1245.44"
::ffff:10.137.1.200 - - [23/Jun/2022:21:51:09 +0000] "POST /api/checker HTTP/1.1" 403 156 "http://localhost:8100/" "Mozilla/5.0 (Windows NT 10.0; Win64; x64) AppleWebKit/537.36 (KHTML, like Gecko) Chrome/102.0.5005.124 Safari/537.36 Edg/102.0.1245.44"
::ffff:10.137.1.200 - - [23/Jun/2022:21:52:51 +0000] "GET /api/checker HTTP/1.1" 304 - "http://localhost:8100/" "Mozilla/5.0 (Windows NT 10.0; Win64; x64) AppleWebKit/537.36 (KHTML, like Gecko) Chrome/102.0.5005.124 Safari/537.36 Edg/102.0.1245.44"
::ffff:10.137.1.200 - - [23/Jun/2022:21:52:51 +0000] "GET /api/line HTTP/1.1" 200 7182 "http://localhost:8100/" "Mozilla/5.0 (Windows NT 10.0; Win64; x64) AppleWebKit/537.36 (KHTML, like Gecko) Chrome/102.0.5005.124 Safari/537.36 Edg/102.0.1245.44"
::ffff:10.137.1.200 - - [23/Jun/2022:21:53:05 +0000] "POST /api/checker HTTP/1.1" 403 156 "http://localhost:8100/" "Mozilla/5.0 (Windows NT 10.0; Win64; x64) AppleWebKit/537.36 (KHTML, like Gecko) Chrome/102.0.5005.124 Safari/537.36 Edg/102.0.1245.44"
::ffff:10.137.1.200 - - [23/Jun/2022:21:54:19 +0000] "POST /api/checker HTTP/1.1" 403 257 "http://localhost:8100/" "Mozilla/5.0 (Windows NT 10.0; Win64; x64) AppleWebKit/537.36 (KHTML, like Gecko) Chrome/102.0.5005.124 Safari/537.36 Edg/102.0.1245.44"
::ffff:10.137.1.200 - - [23/Jun/2022:21:54:28 +0000] "POST /api/checker HTTP/1.1" 403 257 "http://localhost:8100/" "Mozilla/5.0 (Windows NT 10.0; Win64; x64) AppleWebKit/537.36 (KHTML, like Gecko) Chrome/102.0.5005.124 Safari/537.36 Edg/102.0.1245.44"
::ffff:10.137.1.200 - - [23/Jun/2022:21:55:05 +0000] "POST /api/checker HTTP/1.1" 403 257 "http://localhost:8100/" "Mozilla/5.0 (Windows NT 10.0; Win64; x64) AppleWebKit/537.36 (KHTML, like Gecko) Chrome/102.0.5005.124 Safari/537.36 Edg/102.0.1245.44"
::ffff:10.137.1.200 - - [23/Jun/2022:21:55:28 +0000] "GET /api/checker HTTP/1.1" 304 - "http://localhost:8100/" "Mozilla/5.0 (Windows NT 10.0; Win64; x64) AppleWebKit/537.36 (KHTML, like Gecko) Chrome/102.0.5005.124 Safari/537.36 Edg/102.0.1245.44"
::ffff:10.137.1.200 - - [23/Jun/2022:21:55:30 +0000] "GET /api/checker HTTP/1.1" 304 - "http://localhost:8100/" "Mozilla/5.0 (Windows NT 10.0; Win64; x64) AppleWebKit/537.36 (KHTML, like Gecko) Chrome/102.0.5005.124 Safari/537.36 Edg/102.0.1245.44"
::ffff:10.137.1.200 - - [23/Jun/2022:21:55:30 +0000] "GET /api/line HTTP/1.1" 200 7182 "http://localhost:8100/" "Mozilla/5.0 (Windows NT 10.0; Win64; x64) AppleWebKit/537.36 (KHTML, like Gecko) Chrome/102.0.5005.124 Safari/537.36 Edg/102.0.1245.44"
::ffff:10.137.1.200 - - [23/Jun/2022:21:56:10 +0000] "POST /api/checker HTTP/1.1" 403 156 "http://localhost:8100/" "Mozilla/5.0 (Windows NT 10.0; Win64; x64) AppleWebKit/537.36 (KHTML, like Gecko) Chrome/102.0.5005.124 Safari/537.36 Edg/102.0.1245.44"
::ffff:10.137.1.200 - - [23/Jun/2022:22:04:15 +0000] "POST /api/checker HTTP/1.1" 403 58 "http://localhost:8100/" "Mozilla/5.0 (Windows NT 10.0; Win64; x64) AppleWebKit/537.36 (KHTML, like Gecko) Chrome/102.0.5005.124 Safari/537.36 Edg/102.0.1245.44"
::ffff:10.137.1.200 - - [23/Jun/2022:22:04:22 +0000] "POST /api/checker HTTP/1.1" 403 156 "http://localhost:8100/" "Mozilla/5.0 (Windows NT 10.0; Win64; x64) AppleWebKit/537.36 (KHTML, like Gecko) Chrome/102.0.5005.124 Safari/537.36 Edg/102.0.1245.44"
::ffff:10.137.1.200 - - [23/Jun/2022:22:06:04 +0000] "POST /api/checker HTTP/1.1" 403 156 "http://localhost:8100/" "Mozilla/5.0 (Windows NT 10.0; Win64; x64) AppleWebKit/537.36 (KHTML, like Gecko) Chrome/102.0.5005.124 Safari/537.36 Edg/102.0.1245.44"
::ffff:10.137.1.200 - - [23/Jun/2022:22:08:07 +0000] "POST /api/checker HTTP/1.1" 403 156 "http://localhost:8100/" "Mozilla/5.0 (Windows NT 10.0; Win64; x64) AppleWebKit/537.36 (KHTML, like Gecko) Chrome/102.0.5005.124 Safari/537.36 Edg/102.0.1245.44"
::ffff:10.137.1.200 - - [23/Jun/2022:22:08:43 +0000] "GET /api/checker HTTP/1.1" 200 2175 "http://localhost:8100/" "Mozilla/5.0 (Windows NT 10.0; Win64; x64) AppleWebKit/537.36 (KHTML, like Gecko) Chrome/102.0.5005.124 Safari/537.36 Edg/102.0.1245.44"
::ffff:10.137.1.200 - - [23/Jun/2022:22:08:43 +0000] "GET /api/line HTTP/1.1" 304 - "http://localhost:8100/" "Mozilla/5.0 (Windows NT 10.0; Win64; x64) AppleWebKit/537.36 (KHTML, like Gecko) Chrome/102.0.5005.124 Safari/537.36 Edg/102.0.1245.44"
::ffff:10.137.1.200 - - [23/Jun/2022:22:11:40 +0000] "GET /api/checker HTTP/1.1" 200 2605 "http://localhost:8100/" "Mozilla/5.0 (Windows NT 10.0; Win64; x64) AppleWebKit/537.36 (KHTML, like Gecko) Chrome/102.0.5005.124 Safari/537.36 Edg/102.0.1245.44"
::ffff:10.137.1.200 - - [23/Jun/2022:22:11:41 +0000] "GET /api/line HTTP/1.1" 304 - "http://localhost:8100/" "Mozilla/5.0 (Windows NT 10.0; Win64; x64) AppleWebKit/537.36 (KHTML, like Gecko) Chrome/102.0.5005.124 Safari/537.36 Edg/102.0.1245.44"
::ffff:10.137.1.200 - - [23/Jun/2022:22:11:52 +0000] "POST /api/checker HTTP/1.1" 200 66 "http://localhost:8100/" "Mozilla/5.0 (Windows NT 10.0; Win64; x64) AppleWebKit/537.36 (KHTML, like Gecko) Chrome/102.0.5005.124 Safari/537.36 Edg/102.0.1245.44"
::ffff:10.137.1.200 - - [23/Jun/2022:22:11:52 +0000] "GET /api/checker HTTP/1.1" 200 3039 "http://localhost:8100/" "Mozilla/5.0 (Windows NT 10.0; Win64; x64) AppleWebKit/537.36 (KHTML, like Gecko) Chrome/102.0.5005.124 Safari/537.36 Edg/102.0.1245.44"
::ffff:10.137.1.200 - - [23/Jun/2022:22:11:52 +0000] "GET /api/checker HTTP/1.1" 304 - "http://localhost:8100/" "Mozilla/5.0 (Windows NT 10.0; Win64; x64) AppleWebKit/537.36 (KHTML, like Gecko) Chrome/102.0.5005.124 Safari/537.36 Edg/102.0.1245.44"
::ffff:10.137.1.200 - - [23/Jun/2022:22:15:22 +0000] "GET /api/line HTTP/1.1" 304 - "http://localhost:8100/" "Mozilla/5.0 (Windows NT 10.0; Win64; x64) AppleWebKit/537.36 (KHTML, like Gecko) Chrome/102.0.5005.124 Safari/537.36 Edg/102.0.1245.44"
::ffff:10.137.1.200 - - [23/Jun/2022:22:15:23 +0000] "GET /api/checker HTTP/1.1" 304 - "http://localhost:8100/" "Mozilla/5.0 (Windows NT 10.0; Win64; x64) AppleWebKit/537.36 (KHTML, like Gecko) Chrome/102.0.5005.124 Safari/537.36 Edg/102.0.1245.44"
::ffff:10.137.1.200 - - [23/Jun/2022:22:15:24 +0000] "GET /api/line HTTP/1.1" 304 - "http://localhost:8100/" "Mozilla/5.0 (Windows NT 10.0; Win64; x64) AppleWebKit/537.36 (KHTML, like Gecko) Chrome/102.0.5005.124 Safari/537.36 Edg/102.0.1245.44"
::ffff:10.137.1.200 - - [23/Jun/2022:22:32:07 +0000] "GET /api/checker HTTP/1.1" 200 3472 "http://localhost:8100/" "Mozilla/5.0 (Windows NT 10.0; Win64; x64) AppleWebKit/537.36 (KHTML, like Gecko) Chrome/102.0.5005.124 Safari/537.36 Edg/102.0.1245.44"
::ffff:10.137.1.200 - - [23/Jun/2022:22:32:07 +0000] "GET /api/line HTTP/1.1" 304 - "http://localhost:8100/" "Mozilla/5.0 (Windows NT 10.0; Win64; x64) AppleWebKit/537.36 (KHTML, like Gecko) Chrome/102.0.5005.124 Safari/537.36 Edg/102.0.1245.44"
::ffff:10.137.1.200 - - [23/Jun/2022:22:32:19 +0000] "POST /api/checker HTTP/1.1" 200 66 "http://localhost:8100/" "Mozilla/5.0 (Windows NT 10.0; Win64; x64) AppleWebKit/537.36 (KHTML, like Gecko) Chrome/102.0.5005.124 Safari/537.36 Edg/102.0.1245.44"
::ffff:10.137.1.200 - - [23/Jun/2022:22:32:19 +0000] "GET /api/checker HTTP/1.1" 200 3903 "http://localhost:8100/" "Mozilla/5.0 (Windows NT 10.0; Win64; x64) AppleWebKit/537.36 (KHTML, like Gecko) Chrome/102.0.5005.124 Safari/537.36 Edg/102.0.1245.44"
::ffff:10.137.1.200 - - [23/Jun/2022:22:32:20 +0000] "GET /api/checker HTTP/1.1" 304 - "http://localhost:8100/" "Mozilla/5.0 (Windows NT 10.0; Win64; x64) AppleWebKit/537.36 (KHTML, like Gecko) Chrome/102.0.5005.124 Safari/537.36 Edg/102.0.1245.44"
::ffff:10.137.1.200 - - [23/Jun/2022:22:33:10 +0000] "GET /api/line HTTP/1.1" 304 - "http://localhost:8100/" "Mozilla/5.0 (Windows NT 10.0; Win64; x64) AppleWebKit/537.36 (KHTML, like Gecko) Chrome/102.0.5005.124 Safari/537.36 Edg/102.0.1245.44"
::ffff:10.137.1.200 - - [23/Jun/2022:22:33:13 +0000] "POST /api/checker HTTP/1.1" 200 66 "http://localhost:8100/" "Mozilla/5.0 (Windows NT 10.0; Win64; x64) AppleWebKit/537.36 (KHTML, like Gecko) Chrome/102.0.5005.124 Safari/537.36 Edg/102.0.1245.44"
::ffff:10.137.1.200 - - [23/Jun/2022:22:33:14 +0000] "GET /api/checker HTTP/1.1" 200 4334 "http://localhost:8100/" "Mozilla/5.0 (Windows NT 10.0; Win64; x64) AppleWebKit/537.36 (KHTML, like Gecko) Chrome/102.0.5005.124 Safari/537.36 Edg/102.0.1245.44"
::ffff:10.137.1.200 - - [23/Jun/2022:22:33:14 +0000] "GET /api/checker HTTP/1.1" 304 - "http://localhost:8100/" "Mozilla/5.0 (Windows NT 10.0; Win64; x64) AppleWebKit/537.36 (KHTML, like Gecko) Chrome/102.0.5005.124 Safari/537.36 Edg/102.0.1245.44"
::ffff:10.137.1.200 - - [23/Jun/2022:22:34:21 +0000] "GET /api/line HTTP/1.1" 304 - "http://localhost:8100/" "Mozilla/5.0 (Windows NT 10.0; Win64; x64) AppleWebKit/537.36 (KHTML, like Gecko) Chrome/102.0.5005.124 Safari/537.36 Edg/102.0.1245.44"
::ffff:10.137.1.200 - - [23/Jun/2022:22:34:24 +0000] "POST /api/checker HTTP/1.1" 200 66 "http://localhost:8100/" "Mozilla/5.0 (Windows NT 10.0; Win64; x64) AppleWebKit/537.36 (KHTML, like Gecko) Chrome/102.0.5005.124 Safari/537.36 Edg/102.0.1245.44"
::ffff:10.137.1.200 - - [23/Jun/2022:22:34:25 +0000] "GET /api/checker HTTP/1.1" 200 4766 "http://localhost:8100/" "Mozilla/5.0 (Windows NT 10.0; Win64; x64) AppleWebKit/537.36 (KHTML, like Gecko) Chrome/102.0.5005.124 Safari/537.36 Edg/102.0.1245.44"
::ffff:10.137.1.200 - - [23/Jun/2022:22:34:25 +0000] "GET /api/checker HTTP/1.1" 304 - "http://localhost:8100/" "Mozilla/5.0 (Windows NT 10.0; Win64; x64) AppleWebKit/537.36 (KHTML, like Gecko) Chrome/102.0.5005.124 Safari/537.36 Edg/102.0.1245.44"
::ffff:10.137.1.200 - - [23/Jun/2022:22:36:35 +0000] "GET /api/checker HTTP/1.1" 200 2 "http://localhost:8100/" "Mozilla/5.0 (Windows NT 10.0; Win64; x64) AppleWebKit/537.36 (KHTML, like Gecko) Chrome/102.0.5005.124 Safari/537.36 Edg/102.0.1245.44"
::ffff:10.137.1.200 - - [23/Jun/2022:22:36:36 +0000] "GET /api/line HTTP/1.1" 200 7182 "http://localhost:8100/" "Mozilla/5.0 (Windows NT 10.0; Win64; x64) AppleWebKit/537.36 (KHTML, like Gecko) Chrome/102.0.5005.124 Safari/537.36 Edg/102.0.1245.44"
::ffff:10.137.1.200 - - [23/Jun/2022:22:37:17 +0000] "GET /api/checker HTTP/1.1" 304 - "http://localhost:8100/" "Mozilla/5.0 (Windows NT 10.0; Win64; x64) AppleWebKit/537.36 (KHTML, like Gecko) Chrome/102.0.5005.124 Safari/537.36 Edg/102.0.1245.44"
::ffff:10.137.1.200 - - [23/Jun/2022:22:37:18 +0000] "GET /api/line HTTP/1.1" 304 - "http://localhost:8100/" "Mozilla/5.0 (Windows NT 10.0; Win64; x64) AppleWebKit/537.36 (KHTML, like Gecko) Chrome/102.0.5005.124 Safari/537.36 Edg/102.0.1245.44"
::ffff:10.137.1.200 - - [23/Jun/2022:22:37:21 +0000] "POST /api/checker HTTP/1.1" 200 66 "http://localhost:8100/" "Mozilla/5.0 (Windows NT 10.0; Win64; x64) AppleWebKit/537.36 (KHTML, like Gecko) Chrome/102.0.5005.124 Safari/537.36 Edg/102.0.1245.44"
::ffff:10.137.1.200 - - [23/Jun/2022:22:37:22 +0000] "GET /api/checker HTTP/1.1" 200 437 "http://localhost:8100/" "Mozilla/5.0 (Windows NT 10.0; Win64; x64) AppleWebKit/537.36 (KHTML, like Gecko) Chrome/102.0.5005.124 Safari/537.36 Edg/102.0.1245.44"
::ffff:10.137.1.200 - - [23/Jun/2022:22:37:22 +0000] "GET /api/checker HTTP/1.1" 304 - "http://localhost:8100/" "Mozilla/5.0 (Windows NT 10.0; Win64; x64) AppleWebKit/537.36 (KHTML, like Gecko) Chrome/102.0.5005.124 Safari/537.36 Edg/102.0.1245.44"
::ffff:10.137.1.200 - - [23/Jun/2022:22:38:25 +0000] "GET /public/images/checker-qr/8c5e7a034d3d67cae42f6e5aa260769c.png HTTP/1.1" 404 200 "http://localhost:8100/" "Mozilla/5.0 (Windows NT 10.0; Win64; x64) AppleWebKit/537.36 (KHTML, like Gecko) Chrome/102.0.5005.124 Safari/537.36 Edg/102.0.1245.44"
::1 - - [23/Jun/2022:22:39:35 +0000] "GET /public/images/checker-qr/8c5e7a034d3d67cae42f6e5aa260769c.png HTTP/1.1" 404 200 "-" "Mozilla/5.0 (Windows NT 10.0; Win64; x64) AppleWebKit/537.36 (KHTML, like Gecko) Chrome/102.0.5005.124 Safari/537.36 Edg/102.0.1245.44"
::1 - - [23/Jun/2022:22:39:45 +0000] "GET /public/images/checker-qr/676b11ff96bfa266373f58c820b49e10.png HTTP/1.1" 404 200 "-" "Mozilla/5.0 (Windows NT 10.0; Win64; x64) AppleWebKit/537.36 (KHTML, like Gecko) Chrome/102.0.5005.124 Safari/537.36 Edg/102.0.1245.44"
::1 - - [23/Jun/2022:22:39:48 +0000] "GET /public/images HTTP/1.1" 404 152 "-" "Mozilla/5.0 (Windows NT 10.0; Win64; x64) AppleWebKit/537.36 (KHTML, like Gecko) Chrome/102.0.5005.124 Safari/537.36 Edg/102.0.1245.44"
::ffff:10.137.1.200 - - [23/Jun/2022:22:40:43 +0000] "GET /images/checker-qr/8c5e7a034d3d67cae42f6e5aa260769c.png HTTP/1.1" 200 1311 "http://localhost:8100/" "Mozilla/5.0 (Windows NT 10.0; Win64; x64) AppleWebKit/537.36 (KHTML, like Gecko) Chrome/102.0.5005.124 Safari/537.36 Edg/102.0.1245.44"
::ffff:10.137.1.200 - - [23/Jun/2022:22:51:50 +0000] "POST /api/auth HTTP/1.1" 200 1233 "http://localhost:8100/" "Mozilla/5.0 (Windows NT 10.0; Win64; x64) AppleWebKit/537.36 (KHTML, like Gecko) Chrome/102.0.5005.124 Safari/537.36 Edg/102.0.1245.44"
::ffff:10.137.1.200 - - [23/Jun/2022:22:51:53 +0000] "GET /api/checker HTTP/1.1" 304 - "http://localhost:8100/" "Mozilla/5.0 (Windows NT 10.0; Win64; x64) AppleWebKit/537.36 (KHTML, like Gecko) Chrome/102.0.5005.124 Safari/537.36 Edg/102.0.1245.44"
::ffff:10.137.1.200 - - [23/Jun/2022:22:51:53 +0000] "GET /images/checker-qr/8c5e7a034d3d67cae42f6e5aa260769c.png HTTP/1.1" 304 - "http://localhost:8100/" "Mozilla/5.0 (Windows NT 10.0; Win64; x64) AppleWebKit/537.36 (KHTML, like Gecko) Chrome/102.0.5005.124 Safari/537.36 Edg/102.0.1245.44"
::ffff:10.137.1.200 - - [23/Jun/2022:22:52:07 +0000] "GET /api/checker HTTP/1.1" 304 - "http://localhost:8100/" "Mozilla/5.0 (Windows NT 10.0; Win64; x64) AppleWebKit/537.36 (KHTML, like Gecko) Chrome/102.0.5005.124 Safari/537.36 Edg/102.0.1245.44"
::ffff:10.137.1.200 - - [23/Jun/2022:22:52:17 +0000] "GET /api/checker HTTP/1.1" 304 - "http://localhost:8100/" "Mozilla/5.0 (Windows NT 10.0; Win64; x64) AppleWebKit/537.36 (KHTML, like Gecko) Chrome/102.0.5005.124 Safari/537.36 Edg/102.0.1245.44"
::ffff:10.137.1.200 - - [23/Jun/2022:22:55:47 +0000] "GET /api/checker HTTP/1.1" 304 - "http://localhost:8100/" "Mozilla/5.0 (Windows NT 10.0; Win64; x64) AppleWebKit/537.36 (KHTML, like Gecko) Chrome/102.0.5005.124 Safari/537.36 Edg/102.0.1245.44"
::ffff:10.137.1.200 - - [23/Jun/2022:22:55:54 +0000] "GET /api/checker HTTP/1.1" 304 - "http://localhost:8100/" "Mozilla/5.0 (Windows NT 10.0; Win64; x64) AppleWebKit/537.36 (KHTML, like Gecko) Chrome/102.0.5005.124 Safari/537.36 Edg/102.0.1245.44"
::ffff:10.137.1.200 - - [23/Jun/2022:22:56:01 +0000] "GET /api/checker HTTP/1.1" 304 - "http://localhost:8100/" "Mozilla/5.0 (Windows NT 10.0; Win64; x64) AppleWebKit/537.36 (KHTML, like Gecko) Chrome/102.0.5005.124 Safari/537.36 Edg/102.0.1245.44"
::ffff:10.137.1.200 - - [23/Jun/2022:22:56:01 +0000] "GET /images/checker-qr/8c5e7a034d3d67cae42f6e5aa260769c.png HTTP/1.1" 304 - "http://localhost:8100/" "Mozilla/5.0 (Windows NT 10.0; Win64; x64) AppleWebKit/537.36 (KHTML, like Gecko) Chrome/102.0.5005.124 Safari/537.36 Edg/102.0.1245.44"
::ffff:10.137.1.200 - - [24/Jun/2022:14:27:22 +0000] "POST /api/auth HTTP/1.1" 200 1233 "http://localhost:8100/" "Mozilla/5.0 (Windows NT 10.0; Win64; x64) AppleWebKit/537.36 (KHTML, like Gecko) Chrome/102.0.5005.124 Safari/537.36 Edg/102.0.1245.44"
::ffff:10.137.1.200 - - [24/Jun/2022:14:27:42 +0000] "GET /api/checker HTTP/1.1" 304 - "http://localhost:8100/" "Mozilla/5.0 (Windows NT 10.0; Win64; x64) AppleWebKit/537.36 (KHTML, like Gecko) Chrome/102.0.5005.124 Safari/537.36 Edg/102.0.1245.44"
::ffff:10.137.1.200 - - [24/Jun/2022:14:27:42 +0000] "GET /images/checker-qr/8c5e7a034d3d67cae42f6e5aa260769c.png HTTP/1.1" 304 - "http://localhost:8100/" "Mozilla/5.0 (Windows NT 10.0; Win64; x64) AppleWebKit/537.36 (KHTML, like Gecko) Chrome/102.0.5005.124 Safari/537.36 Edg/102.0.1245.44"
::ffff:10.137.1.200 - - [24/Jun/2022:14:27:45 +0000] "GET /api/checker HTTP/1.1" 304 - "http://localhost:8100/" "Mozilla/5.0 (Windows NT 10.0; Win64; x64) AppleWebKit/537.36 (KHTML, like Gecko) Chrome/102.0.5005.124 Safari/537.36 Edg/102.0.1245.44"
::ffff:10.137.1.200 - - [24/Jun/2022:14:28:04 +0000] "GET /api/line HTTP/1.1" 304 - "http://localhost:8100/" "Mozilla/5.0 (Windows NT 10.0; Win64; x64) AppleWebKit/537.36 (KHTML, like Gecko) Chrome/102.0.5005.124 Safari/537.36 Edg/102.0.1245.44"
::ffff:10.137.1.200 - - [24/Jun/2022:14:28:26 +0000] "GET /api/checker HTTP/1.1" 304 - "http://localhost:8100/" "Mozilla/5.0 (Windows NT 10.0; Win64; x64) AppleWebKit/537.36 (KHTML, like Gecko) Chrome/102.0.5005.124 Safari/537.36 Edg/102.0.1245.44"
::ffff:10.137.1.200 - - [24/Jun/2022:14:28:28 +0000] "GET /api/line HTTP/1.1" 304 - "http://localhost:8100/" "Mozilla/5.0 (Windows NT 10.0; Win64; x64) AppleWebKit/537.36 (KHTML, like Gecko) Chrome/102.0.5005.124 Safari/537.36 Edg/102.0.1245.44"
::ffff:10.137.1.200 - - [24/Jun/2022:14:28:39 +0000] "POST /api/checker HTTP/1.1" 200 66 "http://localhost:8100/" "Mozilla/5.0 (Windows NT 10.0; Win64; x64) AppleWebKit/537.36 (KHTML, like Gecko) Chrome/102.0.5005.124 Safari/537.36 Edg/102.0.1245.44"
::ffff:10.137.1.200 - - [24/Jun/2022:14:28:39 +0000] "GET /api/checker HTTP/1.1" 200 873 "http://localhost:8100/" "Mozilla/5.0 (Windows NT 10.0; Win64; x64) AppleWebKit/537.36 (KHTML, like Gecko) Chrome/102.0.5005.124 Safari/537.36 Edg/102.0.1245.44"
::ffff:10.137.1.200 - - [24/Jun/2022:14:28:39 +0000] "GET /images/checker-qr/331044eda8651c7ecba66ef4f0573d13.png HTTP/1.1" 200 1316 "http://localhost:8100/" "Mozilla/5.0 (Windows NT 10.0; Win64; x64) AppleWebKit/537.36 (KHTML, like Gecko) Chrome/102.0.5005.124 Safari/537.36 Edg/102.0.1245.44"
::ffff:10.137.1.200 - - [24/Jun/2022:14:28:40 +0000] "GET /api/checker HTTP/1.1" 304 - "http://localhost:8100/" "Mozilla/5.0 (Windows NT 10.0; Win64; x64) AppleWebKit/537.36 (KHTML, like Gecko) Chrome/102.0.5005.124 Safari/537.36 Edg/102.0.1245.44"
::ffff:10.137.1.200 - - [24/Jun/2022:14:29:22 +0000] "GET /api/line HTTP/1.1" 304 - "http://localhost:8100/" "Mozilla/5.0 (Windows NT 10.0; Win64; x64) AppleWebKit/537.36 (KHTML, like Gecko) Chrome/102.0.5005.124 Safari/537.36 Edg/102.0.1245.44"
::ffff:10.137.1.200 - - [24/Jun/2022:14:29:32 +0000] "POST /api/checker HTTP/1.1" 200 66 "http://localhost:8100/" "Mozilla/5.0 (Windows NT 10.0; Win64; x64) AppleWebKit/537.36 (KHTML, like Gecko) Chrome/102.0.5005.124 Safari/537.36 Edg/102.0.1245.44"
::ffff:10.137.1.200 - - [24/Jun/2022:14:29:32 +0000] "GET /api/checker HTTP/1.1" 200 1318 "http://localhost:8100/" "Mozilla/5.0 (Windows NT 10.0; Win64; x64) AppleWebKit/537.36 (KHTML, like Gecko) Chrome/102.0.5005.124 Safari/537.36 Edg/102.0.1245.44"
::ffff:10.137.1.200 - - [24/Jun/2022:14:29:32 +0000] "GET /images/checker-qr/92de62b22f6c1e2ee20727ff9715804e.png HTTP/1.1" 200 1299 "http://localhost:8100/" "Mozilla/5.0 (Windows NT 10.0; Win64; x64) AppleWebKit/537.36 (KHTML, like Gecko) Chrome/102.0.5005.124 Safari/537.36 Edg/102.0.1245.44"
::ffff:10.137.1.200 - - [24/Jun/2022:14:29:33 +0000] "GET /api/checker HTTP/1.1" 304 - "http://localhost:8100/" "Mozilla/5.0 (Windows NT 10.0; Win64; x64) AppleWebKit/537.36 (KHTML, like Gecko) Chrome/102.0.5005.124 Safari/537.36 Edg/102.0.1245.44"
::ffff:10.137.1.200 - - [24/Jun/2022:14:30:25 +0000] "GET /api/line HTTP/1.1" 304 - "http://localhost:8100/" "Mozilla/5.0 (Windows NT 10.0; Win64; x64) AppleWebKit/537.36 (KHTML, like Gecko) Chrome/102.0.5005.124 Safari/537.36 Edg/102.0.1245.44"
::ffff:10.137.1.200 - - [24/Jun/2022:14:30:31 +0000] "POST /api/checker HTTP/1.1" 200 66 "http://localhost:8100/" "Mozilla/5.0 (Windows NT 10.0; Win64; x64) AppleWebKit/537.36 (KHTML, like Gecko) Chrome/102.0.5005.124 Safari/537.36 Edg/102.0.1245.44"
::ffff:10.137.1.200 - - [24/Jun/2022:14:30:32 +0000] "GET /api/checker HTTP/1.1" 200 1763 "http://localhost:8100/" "Mozilla/5.0 (Windows NT 10.0; Win64; x64) AppleWebKit/537.36 (KHTML, like Gecko) Chrome/102.0.5005.124 Safari/537.36 Edg/102.0.1245.44"
::ffff:10.137.1.200 - - [24/Jun/2022:14:30:32 +0000] "GET /images/checker-qr/a0181c7bf3c1c4c3a4cabc1781195981.png HTTP/1.1" 200 1310 "http://localhost:8100/" "Mozilla/5.0 (Windows NT 10.0; Win64; x64) AppleWebKit/537.36 (KHTML, like Gecko) Chrome/102.0.5005.124 Safari/537.36 Edg/102.0.1245.44"
::ffff:10.137.1.200 - - [24/Jun/2022:14:30:34 +0000] "GET /api/checker HTTP/1.1" 304 - "http://localhost:8100/" "Mozilla/5.0 (Windows NT 10.0; Win64; x64) AppleWebKit/537.36 (KHTML, like Gecko) Chrome/102.0.5005.124 Safari/537.36 Edg/102.0.1245.44"
::ffff:10.137.1.200 - - [24/Jun/2022:14:30:45 +0000] "GET /api/line HTTP/1.1" 304 - "http://localhost:8100/" "Mozilla/5.0 (Windows NT 10.0; Win64; x64) AppleWebKit/537.36 (KHTML, like Gecko) Chrome/102.0.5005.124 Safari/537.36 Edg/102.0.1245.44"
::ffff:10.137.1.200 - - [24/Jun/2022:14:30:53 +0000] "POST /api/checker HTTP/1.1" 200 66 "http://localhost:8100/" "Mozilla/5.0 (Windows NT 10.0; Win64; x64) AppleWebKit/537.36 (KHTML, like Gecko) Chrome/102.0.5005.124 Safari/537.36 Edg/102.0.1245.44"
::ffff:10.137.1.200 - - [24/Jun/2022:14:30:54 +0000] "GET /api/checker HTTP/1.1" 200 2208 "http://localhost:8100/" "Mozilla/5.0 (Windows NT 10.0; Win64; x64) AppleWebKit/537.36 (KHTML, like Gecko) Chrome/102.0.5005.124 Safari/537.36 Edg/102.0.1245.44"
::ffff:10.137.1.200 - - [24/Jun/2022:14:31:19 +0000] "GET /api/checker HTTP/1.1" 304 - "http://localhost:8100/" "Mozilla/5.0 (Windows NT 10.0; Win64; x64) AppleWebKit/537.36 (KHTML, like Gecko) Chrome/102.0.5005.124 Safari/537.36 Edg/102.0.1245.44"
::ffff:10.137.1.200 - - [24/Jun/2022:14:31:19 +0000] "GET /images/checker-qr/4db4f4018c4995087e22b22b87d8f754.png HTTP/1.1" 200 1280 "http://localhost:8100/" "Mozilla/5.0 (Windows NT 10.0; Win64; x64) AppleWebKit/537.36 (KHTML, like Gecko) Chrome/102.0.5005.124 Safari/537.36 Edg/102.0.1245.44"
::ffff:10.137.1.200 - - [24/Jun/2022:14:31:32 +0000] "GET /api/line HTTP/1.1" 304 - "http://localhost:8100/" "Mozilla/5.0 (Windows NT 10.0; Win64; x64) AppleWebKit/537.36 (KHTML, like Gecko) Chrome/102.0.5005.124 Safari/537.36 Edg/102.0.1245.44"
::ffff:10.137.1.200 - - [24/Jun/2022:14:31:39 +0000] "POST /api/checker HTTP/1.1" 200 66 "http://localhost:8100/" "Mozilla/5.0 (Windows NT 10.0; Win64; x64) AppleWebKit/537.36 (KHTML, like Gecko) Chrome/102.0.5005.124 Safari/537.36 Edg/102.0.1245.44"
::ffff:10.137.1.200 - - [24/Jun/2022:14:31:40 +0000] "GET /api/checker HTTP/1.1" 200 2644 "http://localhost:8100/" "Mozilla/5.0 (Windows NT 10.0; Win64; x64) AppleWebKit/537.36 (KHTML, like Gecko) Chrome/102.0.5005.124 Safari/537.36 Edg/102.0.1245.44"
::ffff:10.137.1.200 - - [24/Jun/2022:14:31:40 +0000] "GET /images/checker-qr/48fd6e6465ab8cf5714b5c88f3982e29.png HTTP/1.1" 200 1292 "http://localhost:8100/" "Mozilla/5.0 (Windows NT 10.0; Win64; x64) AppleWebKit/537.36 (KHTML, like Gecko) Chrome/102.0.5005.124 Safari/537.36 Edg/102.0.1245.44"
::ffff:10.137.1.200 - - [24/Jun/2022:14:31:40 +0000] "GET /api/checker HTTP/1.1" 304 - "http://localhost:8100/" "Mozilla/5.0 (Windows NT 10.0; Win64; x64) AppleWebKit/537.36 (KHTML, like Gecko) Chrome/102.0.5005.124 Safari/537.36 Edg/102.0.1245.44"
::ffff:10.137.1.200 - - [24/Jun/2022:14:44:27 +0000] "GET /api/checker HTTP/1.1" 304 - "http://localhost:8100/" "Mozilla/5.0 (Windows NT 10.0; Win64; x64) AppleWebKit/537.36 (KHTML, like Gecko) Chrome/102.0.5005.124 Safari/537.36 Edg/102.0.1245.44"
::ffff:10.137.1.200 - - [24/Jun/2022:14:45:06 +0000] "GET /api/qr HTTP/1.1" 200 30 "http://localhost:8100/" "Mozilla/5.0 (Windows NT 10.0; Win64; x64) AppleWebKit/537.36 (KHTML, like Gecko) Chrome/102.0.5005.124 Safari/537.36 Edg/102.0.1245.44"
::ffff:10.137.1.200 - - [24/Jun/2022:14:46:29 +0000] "GET /api/qr HTTP/1.1" 304 - "http://localhost:8100/" "Mozilla/5.0 (Windows NT 10.0; Win64; x64) AppleWebKit/537.36 (KHTML, like Gecko) Chrome/102.0.5005.124 Safari/537.36 Edg/102.0.1245.44"
::1 - - [24/Jun/2022:14:46:31 +0000] "GET /images/ HTTP/1.1" 404 146 "-" "Mozilla/5.0 (Windows NT 6.2; WOW64) AppleWebKit/538.1 (KHTML, like Gecko) PhantomJS/2.1.1 Safari/538.1"
::ffff:10.137.1.200 - - [24/Jun/2022:14:47:50 +0000] "GET /api/qr HTTP/1.1" 304 - "http://localhost:8100/" "Mozilla/5.0 (Windows NT 10.0; Win64; x64) AppleWebKit/537.36 (KHTML, like Gecko) Chrome/102.0.5005.124 Safari/537.36 Edg/102.0.1245.44"
::1 - - [24/Jun/2022:14:48:01 +0000] "GET /images/ HTTP/1.1" 404 146 "-" "Mozilla/5.0 (Windows NT 6.2; WOW64) AppleWebKit/538.1 (KHTML, like Gecko) PhantomJS/2.1.1 Safari/538.1"
::ffff:10.137.1.200 - - [24/Jun/2022:14:48:45 +0000] "GET /api/qr HTTP/1.1" 304 - "http://localhost:8100/" "Mozilla/5.0 (Windows NT 10.0; Win64; x64) AppleWebKit/537.36 (KHTML, like Gecko) Chrome/102.0.5005.124 Safari/537.36 Edg/102.0.1245.44"
::1 - - [24/Jun/2022:14:48:53 +0000] "GET /images/ HTTP/1.1" 404 146 "-" "Mozilla/5.0 (Windows NT 6.2; WOW64) AppleWebKit/538.1 (KHTML, like Gecko) PhantomJS/2.1.1 Safari/538.1"
::ffff:10.137.1.200 - - [24/Jun/2022:14:49:48 +0000] "GET /api/qr HTTP/1.1" 304 - "http://localhost:8100/" "Mozilla/5.0 (Windows NT 10.0; Win64; x64) AppleWebKit/537.36 (KHTML, like Gecko) Chrome/102.0.5005.124 Safari/537.36 Edg/102.0.1245.44"
::1 - - [24/Jun/2022:14:49:50 +0000] "GET /images/ HTTP/1.1" 404 146 "-" "Mozilla/5.0 (Windows NT 6.2; WOW64) AppleWebKit/538.1 (KHTML, like Gecko) PhantomJS/2.1.1 Safari/538.1"
::ffff:10.137.1.200 - - [24/Jun/2022:14:50:28 +0000] "GET /api/qr HTTP/1.1" 304 - "http://localhost:8100/" "Mozilla/5.0 (Windows NT 10.0; Win64; x64) AppleWebKit/537.36 (KHTML, like Gecko) Chrome/102.0.5005.124 Safari/537.36 Edg/102.0.1245.44"
::1 - - [24/Jun/2022:14:50:29 +0000] "GET /images/ HTTP/1.1" 404 146 "-" "Mozilla/5.0 (Windows NT 6.2; WOW64) AppleWebKit/538.1 (KHTML, like Gecko) PhantomJS/2.1.1 Safari/538.1"
::ffff:10.137.1.200 - - [24/Jun/2022:14:51:12 +0000] "GET /api/qr HTTP/1.1" 304 - "http://localhost:8100/" "Mozilla/5.0 (Windows NT 10.0; Win64; x64) AppleWebKit/537.36 (KHTML, like Gecko) Chrome/102.0.5005.124 Safari/537.36 Edg/102.0.1245.44"
::1 - - [24/Jun/2022:14:51:14 +0000] "GET /images/ HTTP/1.1" 404 146 "-" "Mozilla/5.0 (Windows NT 6.2; WOW64) AppleWebKit/538.1 (KHTML, like Gecko) PhantomJS/2.1.1 Safari/538.1"
::ffff:10.137.1.200 - - [24/Jun/2022:14:52:15 +0000] "GET /api/qr HTTP/1.1" 304 - "http://localhost:8100/" "Mozilla/5.0 (Windows NT 10.0; Win64; x64) AppleWebKit/537.36 (KHTML, like Gecko) Chrome/102.0.5005.124 Safari/537.36 Edg/102.0.1245.44"
::1 - - [24/Jun/2022:14:52:17 +0000] "GET /images/ HTTP/1.1" 404 146 "-" "Mozilla/5.0 (Windows NT 6.2; WOW64) AppleWebKit/538.1 (KHTML, like Gecko) PhantomJS/2.1.1 Safari/538.1"
::1 - - [24/Jun/2022:14:53:06 +0000] "GET /images/ HTTP/1.1" 404 146 "-" "Mozilla/5.0 (Windows NT 6.2; WOW64) AppleWebKit/538.1 (KHTML, like Gecko) PhantomJS/2.1.1 Safari/538.1"
::ffff:10.137.1.200 - - [24/Jun/2022:14:53:06 +0000] "GET /api/qr HTTP/1.1" 304 - "http://localhost:8100/" "Mozilla/5.0 (Windows NT 10.0; Win64; x64) AppleWebKit/537.36 (KHTML, like Gecko) Chrome/102.0.5005.124 Safari/537.36 Edg/102.0.1245.44"
::ffff:10.137.1.200 - - [24/Jun/2022:14:54:15 +0000] "GET /api/qr HTTP/1.1" 304 - "http://localhost:8100/" "Mozilla/5.0 (Windows NT 10.0; Win64; x64) AppleWebKit/537.36 (KHTML, like Gecko) Chrome/102.0.5005.124 Safari/537.36 Edg/102.0.1245.44"
::ffff:10.137.1.200 - - [24/Jun/2022:14:55:18 +0000] "GET /api/qr HTTP/1.1" 304 - "http://localhost:8100/" "Mozilla/5.0 (Windows NT 10.0; Win64; x64) AppleWebKit/537.36 (KHTML, like Gecko) Chrome/102.0.5005.124 Safari/537.36 Edg/102.0.1245.44"
::ffff:10.137.1.200 - - [24/Jun/2022:14:55:20 +0000] "GET /api/qr HTTP/1.1" 304 - "http://localhost:8100/" "Mozilla/5.0 (Windows NT 10.0; Win64; x64) AppleWebKit/537.36 (KHTML, like Gecko) Chrome/102.0.5005.124 Safari/537.36 Edg/102.0.1245.44"
::1 - - [24/Jun/2022:15:00:25 +0000] "GET /images/ HTTP/1.1" 404 146 "-" "Mozilla/5.0 (Windows NT 6.2; WOW64) AppleWebKit/538.1 (KHTML, like Gecko) PhantomJS/2.1.1 Safari/538.1"
::ffff:10.137.1.200 - - [24/Jun/2022:15:00:25 +0000] "GET /api/qr HTTP/1.1" 304 - "http://localhost:8100/" "Mozilla/5.0 (Windows NT 10.0; Win64; x64) AppleWebKit/537.36 (KHTML, like Gecko) Chrome/102.0.5005.124 Safari/537.36 Edg/102.0.1245.44"
::1 - - [24/Jun/2022:15:00:32 +0000] "GET /images/ HTTP/1.1" 404 146 "-" "Mozilla/5.0 (Windows NT 6.2; WOW64) AppleWebKit/538.1 (KHTML, like Gecko) PhantomJS/2.1.1 Safari/538.1"
::ffff:10.137.1.200 - - [24/Jun/2022:15:00:32 +0000] "GET /api/qr HTTP/1.1" 304 - "http://localhost:8100/" "Mozilla/5.0 (Windows NT 10.0; Win64; x64) AppleWebKit/537.36 (KHTML, like Gecko) Chrome/102.0.5005.124 Safari/537.36 Edg/102.0.1245.44"
::ffff:10.137.1.200 - - [24/Jun/2022:15:01:43 +0000] "GET /api/qr HTTP/1.1" 304 - "http://localhost:8100/" "Mozilla/5.0 (Windows NT 10.0; Win64; x64) AppleWebKit/537.36 (KHTML, like Gecko) Chrome/102.0.5005.124 Safari/537.36 Edg/102.0.1245.44"
::ffff:10.137.1.200 - - [24/Jun/2022:15:05:10 +0000] "GET /api/qr HTTP/1.1" - - "http://localhost:8100/" "Mozilla/5.0 (Windows NT 10.0; Win64; x64) AppleWebKit/537.36 (KHTML, like Gecko) Chrome/102.0.5005.124 Safari/537.36 Edg/102.0.1245.44"
::ffff:10.137.1.200 - - [24/Jun/2022:15:05:11 +0000] "GET /api/checker HTTP/1.1" 304 - "http://localhost:8100/" "Mozilla/5.0 (Windows NT 10.0; Win64; x64) AppleWebKit/537.36 (KHTML, like Gecko) Chrome/102.0.5005.124 Safari/537.36 Edg/102.0.1245.44"
::ffff:10.137.1.200 - - [24/Jun/2022:15:05:11 +0000] "GET /images/checker-qr/48fd6e6465ab8cf5714b5c88f3982e29.png HTTP/1.1" 304 - "http://localhost:8100/" "Mozilla/5.0 (Windows NT 10.0; Win64; x64) AppleWebKit/537.36 (KHTML, like Gecko) Chrome/102.0.5005.124 Safari/537.36 Edg/102.0.1245.44"
::ffff:10.137.1.200 - - [24/Jun/2022:15:05:11 +0000] "GET /images/checker-qr/8c5e7a034d3d67cae42f6e5aa260769c.png HTTP/1.1" 304 - "http://localhost:8100/" "Mozilla/5.0 (Windows NT 10.0; Win64; x64) AppleWebKit/537.36 (KHTML, like Gecko) Chrome/102.0.5005.124 Safari/537.36 Edg/102.0.1245.44"
::ffff:10.137.1.200 - - [24/Jun/2022:15:05:11 +0000] "GET /images/checker-qr/4db4f4018c4995087e22b22b87d8f754.png HTTP/1.1" 304 - "http://localhost:8100/" "Mozilla/5.0 (Windows NT 10.0; Win64; x64) AppleWebKit/537.36 (KHTML, like Gecko) Chrome/102.0.5005.124 Safari/537.36 Edg/102.0.1245.44"
::ffff:10.137.1.200 - - [24/Jun/2022:15:05:11 +0000] "GET /images/checker-qr/a0181c7bf3c1c4c3a4cabc1781195981.png HTTP/1.1" 304 - "http://localhost:8100/" "Mozilla/5.0 (Windows NT 10.0; Win64; x64) AppleWebKit/537.36 (KHTML, like Gecko) Chrome/102.0.5005.124 Safari/537.36 Edg/102.0.1245.44"
::ffff:10.137.1.200 - - [24/Jun/2022:15:05:11 +0000] "GET /images/checker-qr/331044eda8651c7ecba66ef4f0573d13.png HTTP/1.1" 304 - "http://localhost:8100/" "Mozilla/5.0 (Windows NT 10.0; Win64; x64) AppleWebKit/537.36 (KHTML, like Gecko) Chrome/102.0.5005.124 Safari/537.36 Edg/102.0.1245.44"
::ffff:10.137.1.200 - - [24/Jun/2022:15:05:11 +0000] "GET /images/checker-qr/92de62b22f6c1e2ee20727ff9715804e.png HTTP/1.1" 304 - "http://localhost:8100/" "Mozilla/5.0 (Windows NT 10.0; Win64; x64) AppleWebKit/537.36 (KHTML, like Gecko) Chrome/102.0.5005.124 Safari/537.36 Edg/102.0.1245.44"
::1 - - [24/Jun/2022:15:05:25 +0000] "GET /images/48fd6e6465ab8cf5714b5c88f3982e29.png HTTP/1.1" 404 182 "-" "Mozilla/5.0 (Windows NT 6.2; WOW64) AppleWebKit/538.1 (KHTML, like Gecko) PhantomJS/2.1.1 Safari/538.1"
::1 - - [24/Jun/2022:15:05:25 +0000] "GET /images/8c5e7a034d3d67cae42f6e5aa260769c.png HTTP/1.1" 404 182 "-" "Mozilla/5.0 (Windows NT 6.2; WOW64) AppleWebKit/538.1 (KHTML, like Gecko) PhantomJS/2.1.1 Safari/538.1"
::1 - - [24/Jun/2022:15:05:25 +0000] "GET /images/331044eda8651c7ecba66ef4f0573d13.png HTTP/1.1" 404 182 "-" "Mozilla/5.0 (Windows NT 6.2; WOW64) AppleWebKit/538.1 (KHTML, like Gecko) PhantomJS/2.1.1 Safari/538.1"
::1 - - [24/Jun/2022:15:05:25 +0000] "GET /images/92de62b22f6c1e2ee20727ff9715804e.png HTTP/1.1" 404 182 "-" "Mozilla/5.0 (Windows NT 6.2; WOW64) AppleWebKit/538.1 (KHTML, like Gecko) PhantomJS/2.1.1 Safari/538.1"
::1 - - [24/Jun/2022:15:05:25 +0000] "GET /images/a0181c7bf3c1c4c3a4cabc1781195981.png HTTP/1.1" 404 182 "-" "Mozilla/5.0 (Windows NT 6.2; WOW64) AppleWebKit/538.1 (KHTML, like Gecko) PhantomJS/2.1.1 Safari/538.1"
::1 - - [24/Jun/2022:15:05:25 +0000] "GET /images/4db4f4018c4995087e22b22b87d8f754.png HTTP/1.1" 404 182 "-" "Mozilla/5.0 (Windows NT 6.2; WOW64) AppleWebKit/538.1 (KHTML, like Gecko) PhantomJS/2.1.1 Safari/538.1"
::ffff:10.137.1.200 - - [24/Jun/2022:15:05:25 +0000] "GET /api/qr HTTP/1.1" 200 30 "http://localhost:8100/" "Mozilla/5.0 (Windows NT 10.0; Win64; x64) AppleWebKit/537.36 (KHTML, like Gecko) Chrome/102.0.5005.124 Safari/537.36 Edg/102.0.1245.44"
::ffff:10.137.1.200 - - [24/Jun/2022:15:10:25 +0000] "GET /api/qr HTTP/1.1" - - "http://localhost:8100/" "Mozilla/5.0 (Windows NT 10.0; Win64; x64) AppleWebKit/537.36 (KHTML, like Gecko) Chrome/102.0.5005.124 Safari/537.36 Edg/102.0.1245.44"
::ffff:10.137.1.200 - - [24/Jun/2022:15:10:25 +0000] "GET /api/checker HTTP/1.1" 304 - "http://localhost:8100/" "Mozilla/5.0 (Windows NT 10.0; Win64; x64) AppleWebKit/537.36 (KHTML, like Gecko) Chrome/102.0.5005.124 Safari/537.36 Edg/102.0.1245.44"
::ffff:10.137.1.200 - - [24/Jun/2022:15:10:26 +0000] "GET /images/checker-qr/a0181c7bf3c1c4c3a4cabc1781195981.png HTTP/1.1" 304 - "http://localhost:8100/" "Mozilla/5.0 (Windows NT 10.0; Win64; x64) AppleWebKit/537.36 (KHTML, like Gecko) Chrome/102.0.5005.124 Safari/537.36 Edg/102.0.1245.44"
::ffff:10.137.1.200 - - [24/Jun/2022:15:10:26 +0000] "GET /images/checker-qr/8c5e7a034d3d67cae42f6e5aa260769c.png HTTP/1.1" 304 - "http://localhost:8100/" "Mozilla/5.0 (Windows NT 10.0; Win64; x64) AppleWebKit/537.36 (KHTML, like Gecko) Chrome/102.0.5005.124 Safari/537.36 Edg/102.0.1245.44"
::ffff:10.137.1.200 - - [24/Jun/2022:15:10:26 +0000] "GET /images/checker-qr/4db4f4018c4995087e22b22b87d8f754.png HTTP/1.1" 304 - "http://localhost:8100/" "Mozilla/5.0 (Windows NT 10.0; Win64; x64) AppleWebKit/537.36 (KHTML, like Gecko) Chrome/102.0.5005.124 Safari/537.36 Edg/102.0.1245.44"
::ffff:10.137.1.200 - - [24/Jun/2022:15:10:26 +0000] "GET /images/checker-qr/331044eda8651c7ecba66ef4f0573d13.png HTTP/1.1" 304 - "http://localhost:8100/" "Mozilla/5.0 (Windows NT 10.0; Win64; x64) AppleWebKit/537.36 (KHTML, like Gecko) Chrome/102.0.5005.124 Safari/537.36 Edg/102.0.1245.44"
::ffff:10.137.1.200 - - [24/Jun/2022:15:10:26 +0000] "GET /images/checker-qr/48fd6e6465ab8cf5714b5c88f3982e29.png HTTP/1.1" 304 - "http://localhost:8100/" "Mozilla/5.0 (Windows NT 10.0; Win64; x64) AppleWebKit/537.36 (KHTML, like Gecko) Chrome/102.0.5005.124 Safari/537.36 Edg/102.0.1245.44"
::ffff:10.137.1.200 - - [24/Jun/2022:15:10:26 +0000] "GET /images/checker-qr/92de62b22f6c1e2ee20727ff9715804e.png HTTP/1.1" 304 - "http://localhost:8100/" "Mozilla/5.0 (Windows NT 10.0; Win64; x64) AppleWebKit/537.36 (KHTML, like Gecko) Chrome/102.0.5005.124 Safari/537.36 Edg/102.0.1245.44"
::ffff:10.137.1.200 - - [24/Jun/2022:15:11:20 +0000] "GET /api/qr HTTP/1.1" - - "http://localhost:8100/" "Mozilla/5.0 (Windows NT 10.0; Win64; x64) AppleWebKit/537.36 (KHTML, like Gecko) Chrome/102.0.5005.124 Safari/537.36 Edg/102.0.1245.44"
::ffff:10.137.1.200 - - [24/Jun/2022:15:11:21 +0000] "GET /api/checker HTTP/1.1" 304 - "http://localhost:8100/" "Mozilla/5.0 (Windows NT 10.0; Win64; x64) AppleWebKit/537.36 (KHTML, like Gecko) Chrome/102.0.5005.124 Safari/537.36 Edg/102.0.1245.44"
::ffff:10.137.1.200 - - [24/Jun/2022:15:11:21 +0000] "GET /images/checker-qr/8c5e7a034d3d67cae42f6e5aa260769c.png HTTP/1.1" 304 - "http://localhost:8100/" "Mozilla/5.0 (Windows NT 10.0; Win64; x64) AppleWebKit/537.36 (KHTML, like Gecko) Chrome/102.0.5005.124 Safari/537.36 Edg/102.0.1245.44"
